// Jest Snapshot v1, https://goo.gl/fbAQLP

exports[`All Icons render correctly 1`] = `
<div
  className="sc-AxirZ cAZslq"
>
  <div
    className="sc-AxjAm lkcQTH"
    size="1rem"
  >
    <svg
      aria-hidden="true"
      className="svg-inline--fa fa-twitter fa-w-16 fa-lg "
      data-icon="twitter"
      data-prefix="fab"
      focusable="false"
      role="img"
      style={Object {}}
      viewBox="0 0 512 512"
      xmlns="http://www.w3.org/2000/svg"
    >
      <path
        d="M459.37 151.716c.325 4.548.325 9.097.325 13.645 0 138.72-105.583 298.558-298.558 298.558-59.452 0-114.68-17.219-161.137-47.106 8.447.974 16.568 1.299 25.34 1.299 49.055 0 94.213-16.568 130.274-44.832-46.132-.975-84.792-31.188-98.112-72.772 6.498.974 12.995 1.624 19.818 1.624 9.421 0 18.843-1.3 27.614-3.573-48.081-9.747-84.143-51.98-84.143-102.985v-1.299c13.969 7.797 30.214 12.67 47.431 13.319-28.264-18.843-46.781-51.005-46.781-87.391 0-19.492 5.197-37.36 14.294-52.954 51.655 63.675 129.3 105.258 216.365 109.807-1.624-7.797-2.599-15.918-2.599-24.04 0-57.828 46.782-104.934 104.934-104.934 30.213 0 57.502 12.67 76.67 33.137 23.715-4.548 46.456-13.32 66.599-25.34-7.798 24.366-24.366 44.833-46.132 57.827 21.117-2.273 41.584-8.122 60.426-16.243-14.292 20.791-32.161 39.308-52.628 54.253z"
        fill="currentColor"
        style={Object {}}
      />
    </svg>
  </div>
  <div
    className="sc-AxjAm lkcQTH"
    size="1rem"
  >
    <svg
      aria-hidden="true"
      className="svg-inline--fa fa-copyright fa-w-16 fa-lg "
      data-icon="copyright"
      data-prefix="fal"
      focusable="false"
      role="img"
      style={Object {}}
      viewBox="0 0 512 512"
      xmlns="http://www.w3.org/2000/svg"
    >
      <path
        d="M256 8C119.033 8 8 119.033 8 256s111.033 248 248 248 248-111.033 248-248S392.967 8 256 8zm216 248c0 118.663-96.055 216-216 216-118.663 0-216-96.055-216-216 0-118.663 96.055-216 216-216 118.663 0 216 96.055 216 216zM360.474 357.366c-9.414 9.142-44.455 38.966-100.106 38.966-77.825 0-136.513-60.551-136.513-140.846 0-77.951 58.345-137.596 135.431-137.596 53.547 0 85.508 24.785 94.028 32.381a11.96 11.96 0 0 1 1.721 16.001l-8.763 12.08c-4.034 5.561-11.877 6.579-17.203 2.329-8.921-7.122-33.509-23.688-69.062-23.688-54.32 0-94.161 41.791-94.161 98.131 0 58.209 40.791 102.104 94.882 102.104 39.538 0 66.522-22.074 73.851-28.84 5.068-4.681 13.054-4.108 17.423 1.239l9.414 11.534c3.969 4.861 3.564 11.828-.942 16.205z"
        fill="currentColor"
        style={Object {}}
      />
    </svg>
  </div>
  <div
    className="sc-AxjAm lkcQTH"
    size="1rem"
  >
    <svg
      aria-hidden="true"
      className="svg-inline--fa fa-question-circle fa-w-16 fa-lg "
      data-icon="question-circle"
      data-prefix="fal"
      focusable="false"
      role="img"
      style={Object {}}
      viewBox="0 0 512 512"
      xmlns="http://www.w3.org/2000/svg"
    >
      <path
        d="M256 340c-15.464 0-28 12.536-28 28s12.536 28 28 28 28-12.536 28-28-12.536-28-28-28zm7.67-24h-16c-6.627 0-12-5.373-12-12v-.381c0-70.343 77.44-63.619 77.44-107.408 0-20.016-17.761-40.211-57.44-40.211-29.144 0-44.265 9.649-59.211 28.692-3.908 4.98-11.054 5.995-16.248 2.376l-13.134-9.15c-5.625-3.919-6.86-11.771-2.645-17.177C185.658 133.514 210.842 116 255.67 116c52.32 0 97.44 29.751 97.44 80.211 0 67.414-77.44 63.849-77.44 107.408V304c0 6.627-5.373 12-12 12zM256 40c118.621 0 216 96.075 216 216 0 119.291-96.61 216-216 216-119.244 0-216-96.562-216-216 0-119.203 96.602-216 216-216m0-32C119.043 8 8 119.083 8 256c0 136.997 111.043 248 248 248s248-111.003 248-248C504 119.083 392.957 8 256 8z"
        fill="currentColor"
        style={Object {}}
      />
    </svg>
  </div>
</div>
`;

exports[`Icon renders correctly 1`] = `
<div
  className="sc-AxjAm lkcQTH"
>
  <svg
    aria-hidden="true"
    className="svg-inline--fa fa-question-circle fa-w-16 fa-lg "
    data-icon="question-circle"
    data-prefix="fal"
    focusable="false"
    role="img"
    style={Object {}}
    viewBox="0 0 512 512"
    xmlns="http://www.w3.org/2000/svg"
  >
    <path
      d="M256 340c-15.464 0-28 12.536-28 28s12.536 28 28 28 28-12.536 28-28-12.536-28-28-28zm7.67-24h-16c-6.627 0-12-5.373-12-12v-.381c0-70.343 77.44-63.619 77.44-107.408 0-20.016-17.761-40.211-57.44-40.211-29.144 0-44.265 9.649-59.211 28.692-3.908 4.98-11.054 5.995-16.248 2.376l-13.134-9.15c-5.625-3.919-6.86-11.771-2.645-17.177C185.658 133.514 210.842 116 255.67 116c52.32 0 97.44 29.751 97.44 80.211 0 67.414-77.44 63.849-77.44 107.408V304c0 6.627-5.373 12-12 12zM256 40c118.621 0 216 96.075 216 216 0 119.291-96.61 216-216 216-119.244 0-216-96.562-216-216 0-119.203 96.602-216 216-216m0-32C119.043 8 8 119.083 8 256c0 136.997 111.043 248 248 248s248-111.003 248-248C504 119.083 392.957 8 256 8z"
      fill="currentColor"
      style={Object {}}
    />
  </svg>
</div>
`;
